// Jest Snapshot v1, https://goo.gl/fbAQLP

exports[`Webpack 4 Loader ambigious ts/tsx ts via tsx 2 1`] = `1`;

exports[`Webpack 4 Loader js 1`] = `
Object {
  "es2016": 10000,
  "es2017": "function",
  "es2018": Object {
    "a": 1,
  },
  "es2019": "try",
  "es2020": Array [
    1,
    2,
    Object {},
  ],
  "es2021": Array [
    2,
    3,
  ],
  "esnext": Array [
    [Function],
    [Function],
    [Function],
    [Function],
    [Function],
    [Function],
    1000000000,
  ],
}
`;

exports[`Webpack 4 Loader tsx 1`] = `
Array [
  Array [
    "Fragment",
    null,
    Array [
      "div",
      null,
      "hello world",
    ],
  ],
  Array [
    "div",
    Object {
      "className": "class-name",
    },
    "content",
  ],
]
`;

exports[`Webpack 4 Loader tsx w/ tsconfig 1`] = `
Array [
  Array [
    "Fragment",
    null,
    Array [
      "div",
      null,
      "hello world",
    ],
  ],
  Array [
    "div",
    Object {
      "className": "class-name",
    },
    "content",
  ],
]
`;

exports[`Webpack 4 target 1`] = `
Object {
  "es2016": 10000,
  "es2017": "function",
  "es2018": Object {
    "a": 1,
  },
  "es2019": "try",
  "es2020": Array [
    1,
    2,
    Object {},
  ],
  "es2021": Array [
    2,
    3,
  ],
  "esnext": Array [
    [Function],
    [Function],
    [Function],
    [Function],
    [Function],
    [Function],
    1000000000,
  ],
}
`;

exports[`Webpack 5 Loader ambigious ts/tsx ts via tsx 2 1`] = `1`;

exports[`Webpack 5 Loader js 1`] = `
Object {
  "es2016": 10000,
  "es2017": "function",
  "es2018": Object {
    "a": 1,
  },
  "es2019": "try",
  "es2020": Array [
    1,
    2,
    Object {},
  ],
  "es2021": Array [
    2,
    3,
  ],
  "esnext": Array [
    [Function],
    [Function],
    [Function],
    [Function],
    [Function],
    [Function],
    1000000000,
  ],
}
`;

exports[`Webpack 5 Loader tsx 1`] = `
Array [
  Array [
    "Fragment",
    null,
    Array [
      "div",
      null,
      "hello world",
    ],
  ],
  Array [
    "div",
    Object {
      "className": "class-name",
    },
    "content",
  ],
]
`;

exports[`Webpack 5 Loader tsx w/ tsconfig 1`] = `
Array [
  Array [
    "Fragment",
    null,
    Array [
      "div",
      null,
      "hello world",
    ],
  ],
  Array [
    "div",
    Object {
      "className": "class-name",
    },
    "content",
  ],
]
`;

exports[`Webpack 5 target 1`] = `
Object {
  "es2016": 10000,
  "es2017": "function",
  "es2018": Object {
    "a": 1,
  },
  "es2019": "try",
  "es2020": Array [
    1,
    2,
    Object {},
  ],
  "es2021": Array [
    2,
    3,
  ],
  "esnext": Array [
    [Function],
    [Function],
    [Function],
    [Function],
    [Function],
    [Function],
    1000000000,
  ],
}
`;
